// Jest Snapshot v1, https://goo.gl/fbAQLP

exports[`Brands.js file rendering  Brand component renders correctly 1`] = `
<div
  className="App"
>
  <div
    className="brands-container"
  >
    <div
      className="header"
    >
      <div
        className="h-c1"
      >
        <img
          alt="logo"
          className="nav-icon"
          src="arrow-left.png"
        />
        <h2
          className="nav-text"
        >
          2022
        </h2>
      </div>
      <div
        className="h-c2"
      >
        <h1
          className="header-title"
        >
          devices by brand
        </h1>
      </div>
      <div
        className="h-c3"
      >
        <img
          alt="logo"
          className="nav-icon"
          src="mic.png"
        />
        <img
          alt="logo"
          className="nav-icon"
          src="gear.png"
        />
      </div>
    </div>
    <div
      className="banner"
    >
      DEVICES BY MAKER
    </div>
    <ul
      className="brands-list"
    />
  </div>
</div>
`;

exports[`Brands.js file rendering  Brands renders correctly 1`] = `
Object {
  "asFragment": [Function],
  "baseElement": <body>
    <div>
      <div
        class="App"
      >
        <div
          class="brands-container"
        >
          <div
            class="header"
          >
            <div
              class="h-c1"
            >
              <img
                alt="logo"
                class="nav-icon"
                src="arrow-left.png"
              />
              <h2
                class="nav-text"
              >
                2022
              </h2>
            </div>
            <div
              class="h-c2"
            >
              <h1
                class="header-title"
              >
                devices by brand
              </h1>
            </div>
            <div
              class="h-c3"
            >
              <img
                alt="logo"
                class="nav-icon"
                src="mic.png"
              />
              <img
                alt="logo"
                class="nav-icon"
                src="gear.png"
              />
            </div>
          </div>
          <div
            class="banner"
          >
            DEVICES BY MAKER
          </div>
          <ul
            class="brands-list"
          />
        </div>
      </div>
    </div>
  </body>,
  "container": <div>
    <div
      class="App"
    >
      <div
        class="brands-container"
      >
        <div
          class="header"
        >
          <div
            class="h-c1"
          >
            <img
              alt="logo"
              class="nav-icon"
              src="arrow-left.png"
            />
            <h2
              class="nav-text"
            >
              2022
            </h2>
          </div>
          <div
            class="h-c2"
          >
            <h1
              class="header-title"
            >
              devices by brand
            </h1>
          </div>
          <div
            class="h-c3"
          >
            <img
              alt="logo"
              class="nav-icon"
              src="mic.png"
            />
            <img
              alt="logo"
              class="nav-icon"
              src="gear.png"
            />
          </div>
        </div>
        <div
          class="banner"
        >
          DEVICES BY MAKER
        </div>
        <ul
          class="brands-list"
        />
      </div>
    </div>
  </div>,
  "debug": [Function],
  "findAllByAltText": [Function],
  "findAllByDisplayValue": [Function],
  "findAllByLabelText": [Function],
  "findAllByPlaceholderText": [Function],
  "findAllByRole": [Function],
  "findAllByTestId": [Function],
  "findAllByText": [Function],
  "findAllByTitle": [Function],
  "findByAltText": [Function],
  "findByDisplayValue": [Function],
  "findByLabelText": [Function],
  "findByPlaceholderText": [Function],
  "findByRole": [Function],
  "findByTestId": [Function],
  "findByText": [Function],
  "findByTitle": [Function],
  "getAllByAltText": [Function],
  "getAllByDisplayValue": [Function],
  "getAllByLabelText": [Function],
  "getAllByPlaceholderText": [Function],
  "getAllByRole": [Function],
  "getAllByTestId": [Function],
  "getAllByText": [Function],
  "getAllByTitle": [Function],
  "getByAltText": [Function],
  "getByDisplayValue": [Function],
  "getByLabelText": [Function],
  "getByPlaceholderText": [Function],
  "getByRole": [Function],
  "getByTestId": [Function],
  "getByText": [Function],
  "getByTitle": [Function],
  "queryAllByAltText": [Function],
  "queryAllByDisplayValue": [Function],
  "queryAllByLabelText": [Function],
  "queryAllByPlaceholderText": [Function],
  "queryAllByRole": [Function],
  "queryAllByTestId": [Function],
  "queryAllByText": [Function],
  "queryAllByTitle": [Function],
  "queryByAltText": [Function],
  "queryByDisplayValue": [Function],
  "queryByLabelText": [Function],
  "queryByPlaceholderText": [Function],
  "queryByRole": [Function],
  "queryByTestId": [Function],
  "queryByText": [Function],
  "queryByTitle": [Function],
  "rerender": [Function],
  "unmount": [Function],
}
`;

exports[`Phones.js file rendering  Brand component renders correctly 1`] = `
<div
  className="App"
>
  <div
    className="brands-container"
  >
    <div
      className="header"
    >
      <div
        className="h-c1"
      >
        <img
          alt="logo"
          className="nav-icon"
          src="arrow-left.png"
        />
        <h2
          className="nav-text"
        >
          2022
        </h2>
      </div>
      <div
        className="h-c2"
      >
        <h1
          className="header-title"
        >
          devices by brand
        </h1>
      </div>
      <div
        className="h-c3"
      >
        <img
          alt="logo"
          className="nav-icon"
          src="mic.png"
        />
        <img
          alt="logo"
          className="nav-icon"
          src="gear.png"
        />
      </div>
    </div>
    <div
      className="banner"
    >
      DEVICES BY MAKER
    </div>
    <ul
      className="brands-list"
    />
  </div>
</div>
`;

exports[`Phones.js file rendering  Phones renders correctly 1`] = `
Object {
  "asFragment": [Function],
  "baseElement": <body>
    <div>
      <div
        class="App"
      >
        <div
          class="brands-container"
        >
          <div
            class="header"
          >
            <div
              class="h-c1"
            >
              <img
                alt="logo"
                class="nav-icon"
                src="arrow-left.png"
              />
              <h2
                class="nav-text"
              >
                2022
              </h2>
            </div>
            <div
              class="h-c2"
            >
              <h1
                class="header-title"
              >
                devices by brand
              </h1>
            </div>
            <div
              class="h-c3"
            >
              <img
                alt="logo"
                class="nav-icon"
                src="mic.png"
              />
              <img
                alt="logo"
                class="nav-icon"
                src="gear.png"
              />
            </div>
          </div>
          <div
            class="banner"
          >
            DEVICES BY MAKER
          </div>
          <ul
            class="brands-list"
          />
        </div>
      </div>
    </div>
  </body>,
  "container": <div>
    <div
      class="App"
    >
      <div
        class="brands-container"
      >
        <div
          class="header"
        >
          <div
            class="h-c1"
          >
            <img
              alt="logo"
              class="nav-icon"
              src="arrow-left.png"
            />
            <h2
              class="nav-text"
            >
              2022
            </h2>
          </div>
          <div
            class="h-c2"
          >
            <h1
              class="header-title"
            >
              devices by brand
            </h1>
          </div>
          <div
            class="h-c3"
          >
            <img
              alt="logo"
              class="nav-icon"
              src="mic.png"
            />
            <img
              alt="logo"
              class="nav-icon"
              src="gear.png"
            />
          </div>
        </div>
        <div
          class="banner"
        >
          DEVICES BY MAKER
        </div>
        <ul
          class="brands-list"
        />
      </div>
    </div>
  </div>,
  "debug": [Function],
  "findAllByAltText": [Function],
  "findAllByDisplayValue": [Function],
  "findAllByLabelText": [Function],
  "findAllByPlaceholderText": [Function],
  "findAllByRole": [Function],
  "findAllByTestId": [Function],
  "findAllByText": [Function],
  "findAllByTitle": [Function],
  "findByAltText": [Function],
  "findByDisplayValue": [Function],
  "findByLabelText": [Function],
  "findByPlaceholderText": [Function],
  "findByRole": [Function],
  "findByTestId": [Function],
  "findByText": [Function],
  "findByTitle": [Function],
  "getAllByAltText": [Function],
  "getAllByDisplayValue": [Function],
  "getAllByLabelText": [Function],
  "getAllByPlaceholderText": [Function],
  "getAllByRole": [Function],
  "getAllByTestId": [Function],
  "getAllByText": [Function],
  "getAllByTitle": [Function],
  "getByAltText": [Function],
  "getByDisplayValue": [Function],
  "getByLabelText": [Function],
  "getByPlaceholderText": [Function],
  "getByRole": [Function],
  "getByTestId": [Function],
  "getByText": [Function],
  "getByTitle": [Function],
  "queryAllByAltText": [Function],
  "queryAllByDisplayValue": [Function],
  "queryAllByLabelText": [Function],
  "queryAllByPlaceholderText": [Function],
  "queryAllByRole": [Function],
  "queryAllByTestId": [Function],
  "queryAllByText": [Function],
  "queryAllByTitle": [Function],
  "queryByAltText": [Function],
  "queryByDisplayValue": [Function],
  "queryByLabelText": [Function],
  "queryByPlaceholderText": [Function],
  "queryByRole": [Function],
  "queryByTestId": [Function],
  "queryByText": [Function],
  "queryByTitle": [Function],
  "rerender": [Function],
  "unmount": [Function],
}
`;
